<h1>Page title</h1>

<p>And <strong>now</strong> for something <em>completely</em> different.</p>

<p>Also include <del>deleted text</del> and <q>inline quotation</q>.</p>