<p>A <a href='http://www.google.com'>link</a> and <a href='http://yahoo.com/'>another link</a>.</p>