<p>One <strong>two</strong> three <em>four</em> five <strong>six</strong> seven <em>eight</em>.</p>