<p>More text with <code>inline($code)</code> sample.</p>