<blockquote>A block quote</blockquote>
<blockquote>across two lines.</blockquote>