<pre><code>function foo () {<br>	print ('Foo');<br>}</code></pre>