<h1>Title</h1>

<p>And <em>now</em> <a href='http://www.google.com'>a link</a> to <strong>follow</strong> and <a href='http://yahoo.com/'>another</a>.</p>

<ul>
	<li>One</li>

	<li>Two</li>

	<li>Three</li>
</ul>
<h2>Subhead</h2>

<p>One <strong>two</strong> three <strong>four</strong> five.</p>

<ol>
	<li>One</li>

	<li>Two</li>

	<li>Three</li>
</ol>

<p>More text with <code>inline($code)</code> sample.</p>

<blockquote>A block quote</blockquote>
<blockquote>across two lines.</blockquote>

<p>More text...</p>