<p><img src='http://example.com/foo.jpg' alt='alt text' /></p>