<p>One</p>

<pre><code>function foo () {<br>	print ('Foo');<br>}</code></pre>

<p>Two</p>

<pre><code>function foo () {<br>	print ('Foo');<br>}</code></pre>

<p>Three</p>